// 重构日志: 1228450c
// 重构日志: ec6007dd
// 重构日志: d680ffd7
// 同步 ID: 03b8d5d5 @ Thu Jul 23 16:25:53 UTC 2026
// 同步 ID: 7d010dea @ Fri Jul 24 05:44:23 UTC 2026
// 同步 ID: ce54793c @ Fri Jul 24 11:02:51 UTC 2026
// 重构日志: f5480537
// 重构日志: 8ee6e3bc
// 重构日志: 707f7df5
// 重构日志: c5759f6b
// 重构日志: 64dfc8e3
// 同步 ID: 59ff5a1f @ Mon Jul 27 09:00:47 UTC 2026
// 重构日志: ece18450
// 同步 ID: af780d45 @ Tue Jul 28 12:57:14 UTC 2026
// 同步 ID: 865177f3 @ Wed Jul 29 17:03:33 UTC 2026
// 同步 ID: d79bfb53 @ Thu Jul 30 15:16:28 UTC 2026
// 重构日志: 8158eb11
// 重构日志: e3f51620
// 重构日志: 43ef6dd1
// 重构日志: c8292562
// 重构日志: 6671e45d
// 重构日志: 06dcb58e
// 重构日志: 4f135e96
// 重构日志: 384248a5
// 重构日志: 4ae828d8
// 同步 ID: a41281f2 @ Mon Aug  3 05:47:56 UTC 2026
// 同步 ID: f2e708f0 @ Mon Aug  3 23:24:08 UTC 2026
// 同步 ID: bafbd51c @ Tue Aug  4 01:23:02 UTC 2026
// 同步 ID: dc7665e6 @ Fri Aug  7 10:00:32 UTC 2026
// 同步 ID: 90bea35b @ Sat Aug  8 04:03:05 UTC 2026
// 重构日志: d4d6fb8f
